      Graphics.Rendering.OpenGL.Raw,
      Graphics.Rendering.OpenGL.Raw.AMD,
      Graphics.Rendering.OpenGL.Raw.AMD.BlendMinmaxFactor,
      Graphics.Rendering.OpenGL.Raw.AMD.DebugOutput,
      Graphics.Rendering.OpenGL.Raw.AMD.DepthClampSeparate,
      Graphics.Rendering.OpenGL.Raw.AMD.DrawBuffersBlend,
      Graphics.Rendering.OpenGL.Raw.AMD.MultiDrawIndirect,
      Graphics.Rendering.OpenGL.Raw.AMD.NameGenDelete,
      Graphics.Rendering.OpenGL.Raw.AMD.PerformanceMonitor,
      Graphics.Rendering.OpenGL.Raw.AMD.PinnedMemory,
      Graphics.Rendering.OpenGL.Raw.AMD.SamplePositions,
      Graphics.Rendering.OpenGL.Raw.AMD.SeamlessCubemapPerTexture,
      Graphics.Rendering.OpenGL.Raw.AMD.StencilOperationExtended,
      Graphics.Rendering.OpenGL.Raw.AMD.VertexShaderTesselator,
      Graphics.Rendering.OpenGL.Raw.APPLE,
      Graphics.Rendering.OpenGL.Raw.APPLE.AuxDepthStencil,
      Graphics.Rendering.OpenGL.Raw.APPLE.ClientStorage,
      Graphics.Rendering.OpenGL.Raw.APPLE.ElementArray,
      Graphics.Rendering.OpenGL.Raw.APPLE.Fence,
      Graphics.Rendering.OpenGL.Raw.APPLE.FloatPixels,
      Graphics.Rendering.OpenGL.Raw.APPLE.FlushBufferRange,
      Graphics.Rendering.OpenGL.Raw.APPLE.ObjectPurgeable,
      Graphics.Rendering.OpenGL.Raw.APPLE.Rgb422,
      Graphics.Rendering.OpenGL.Raw.APPLE.RowBytes,
      Graphics.Rendering.OpenGL.Raw.APPLE.SpecularVector,
      Graphics.Rendering.OpenGL.Raw.APPLE.TextureRange,
      Graphics.Rendering.OpenGL.Raw.APPLE.TransformHint,
      Graphics.Rendering.OpenGL.Raw.APPLE.VertexArrayObject,
      Graphics.Rendering.OpenGL.Raw.APPLE.VertexArrayRange,
      Graphics.Rendering.OpenGL.Raw.APPLE.VertexProgramEvaluators,
      Graphics.Rendering.OpenGL.Raw.APPLE.Ycbcr422,
      Graphics.Rendering.OpenGL.Raw.ARB,
      Graphics.Rendering.OpenGL.Raw.ARB.BaseInstance,
      Graphics.Rendering.OpenGL.Raw.ARB.BlendFuncExtended,
      Graphics.Rendering.OpenGL.Raw.ARB.ClEvent,
      Graphics.Rendering.OpenGL.Raw.ARB.ColorBufferFloat,
      Graphics.Rendering.OpenGL.Raw.ARB.Compatibility,
      Graphics.Rendering.OpenGL.Raw.ARB.CompressedTexturePixelStorage,
      Graphics.Rendering.OpenGL.Raw.ARB.CopyBuffer,
      Graphics.Rendering.OpenGL.Raw.ARB.DebugOutput,
      Graphics.Rendering.OpenGL.Raw.ARB.DepthBufferFloat,
      Graphics.Rendering.OpenGL.Raw.ARB.DepthClamp,
      Graphics.Rendering.OpenGL.Raw.ARB.DepthTexture,
      Graphics.Rendering.OpenGL.Raw.ARB.DrawBuffers,
      Graphics.Rendering.OpenGL.Raw.ARB.DrawBuffersBlend,
      Graphics.Rendering.OpenGL.Raw.ARB.DrawElementsBaseVertex,
      Graphics.Rendering.OpenGL.Raw.ARB.DrawIndirect,
      Graphics.Rendering.OpenGL.Raw.ARB.DrawInstanced,
      Graphics.Rendering.OpenGL.Raw.ARB.ES2Compatibility,
      Graphics.Rendering.OpenGL.Raw.ARB.FragmentProgram,
      Graphics.Rendering.OpenGL.Raw.ARB.FragmentShader,
      Graphics.Rendering.OpenGL.Raw.ARB.FramebufferObject,
      Graphics.Rendering.OpenGL.Raw.ARB.FramebufferSRGB,
      Graphics.Rendering.OpenGL.Raw.ARB.GeometryShader4,
      Graphics.Rendering.OpenGL.Raw.ARB.GetProgramBinary,
      Graphics.Rendering.OpenGL.Raw.ARB.GpuShader5,
      Graphics.Rendering.OpenGL.Raw.ARB.GpuShaderFp64,
      Graphics.Rendering.OpenGL.Raw.ARB.HalfFloatPixel,
      Graphics.Rendering.OpenGL.Raw.ARB.HalfFloatVertex,
      Graphics.Rendering.OpenGL.Raw.ARB.Imaging,
      Graphics.Rendering.OpenGL.Raw.ARB.InstancedArrays,
      Graphics.Rendering.OpenGL.Raw.ARB.InternalformatQuery,
      Graphics.Rendering.OpenGL.Raw.ARB.MapBufferAlignment,
      Graphics.Rendering.OpenGL.Raw.ARB.MapBufferRange,
      Graphics.Rendering.OpenGL.Raw.ARB.MatrixPalette,
      Graphics.Rendering.OpenGL.Raw.ARB.Multisample,
      Graphics.Rendering.OpenGL.Raw.ARB.Multitexture,
      Graphics.Rendering.OpenGL.Raw.ARB.OcclusionQuery,
      Graphics.Rendering.OpenGL.Raw.ARB.OcclusionQuery2,
      Graphics.Rendering.OpenGL.Raw.ARB.PixelBufferObject,
      Graphics.Rendering.OpenGL.Raw.ARB.PointParameters,
      Graphics.Rendering.OpenGL.Raw.ARB.PointSprite,
      Graphics.Rendering.OpenGL.Raw.ARB.ProvokingVertex,
      Graphics.Rendering.OpenGL.Raw.ARB.Robustness,
      Graphics.Rendering.OpenGL.Raw.ARB.SampleShading,
      Graphics.Rendering.OpenGL.Raw.ARB.SamplerObjects,
      Graphics.Rendering.OpenGL.Raw.ARB.SeamlessCubeMap,
      Graphics.Rendering.OpenGL.Raw.ARB.SeparateShaderObjects,
      Graphics.Rendering.OpenGL.Raw.ARB.ShaderAtomicCounters,
      Graphics.Rendering.OpenGL.Raw.ARB.ShaderImageLoadStore,
      Graphics.Rendering.OpenGL.Raw.ARB.ShaderObjects,
      Graphics.Rendering.OpenGL.Raw.ARB.ShaderSubroutine,
      Graphics.Rendering.OpenGL.Raw.ARB.ShadingLanguage100,
      Graphics.Rendering.OpenGL.Raw.ARB.ShadingLanguageInclude,
      Graphics.Rendering.OpenGL.Raw.ARB.Shadow,
      Graphics.Rendering.OpenGL.Raw.ARB.ShadowAmbient,
      Graphics.Rendering.OpenGL.Raw.ARB.Sync,
      Graphics.Rendering.OpenGL.Raw.ARB.TessellationShader,
      Graphics.Rendering.OpenGL.Raw.ARB.TextureBorderClamp,
      Graphics.Rendering.OpenGL.Raw.ARB.TextureBufferObject,
      Graphics.Rendering.OpenGL.Raw.ARB.TextureBufferObjectRgb32,
      Graphics.Rendering.OpenGL.Raw.ARB.TextureCompression,
      Graphics.Rendering.OpenGL.Raw.ARB.TextureCompressionBptc,
      Graphics.Rendering.OpenGL.Raw.ARB.TextureCompressionRgtc,
      Graphics.Rendering.OpenGL.Raw.ARB.TextureCubeMap,
      Graphics.Rendering.OpenGL.Raw.ARB.TextureCubeMapArray,
      Graphics.Rendering.OpenGL.Raw.ARB.TextureEnvCombine,
      Graphics.Rendering.OpenGL.Raw.ARB.TextureEnvDot3,
      Graphics.Rendering.OpenGL.Raw.ARB.TextureFloat,
      Graphics.Rendering.OpenGL.Raw.ARB.TextureGather,
      Graphics.Rendering.OpenGL.Raw.ARB.TextureMirroredRepeat,
      Graphics.Rendering.OpenGL.Raw.ARB.TextureMultisample,
      Graphics.Rendering.OpenGL.Raw.ARB.TextureRectangle,
      Graphics.Rendering.OpenGL.Raw.ARB.TextureRg,
      Graphics.Rendering.OpenGL.Raw.ARB.TextureRgb10A2ui,
      Graphics.Rendering.OpenGL.Raw.ARB.TextureStorage,
      Graphics.Rendering.OpenGL.Raw.ARB.TextureSwizzle,
      Graphics.Rendering.OpenGL.Raw.ARB.TimerQuery,
      Graphics.Rendering.OpenGL.Raw.ARB.TransformFeedback2,
      Graphics.Rendering.OpenGL.Raw.ARB.TransformFeedback3,
      Graphics.Rendering.OpenGL.Raw.ARB.TransformFeedbackInstanced,
      Graphics.Rendering.OpenGL.Raw.ARB.TransposeMatrix,
      Graphics.Rendering.OpenGL.Raw.ARB.UniformBufferObject,
      Graphics.Rendering.OpenGL.Raw.ARB.VertexArrayBgra,
      Graphics.Rendering.OpenGL.Raw.ARB.VertexArrayObject,
      Graphics.Rendering.OpenGL.Raw.ARB.VertexAttrib64bit,
      Graphics.Rendering.OpenGL.Raw.ARB.VertexBlend,
      Graphics.Rendering.OpenGL.Raw.ARB.VertexBufferObject,
      Graphics.Rendering.OpenGL.Raw.ARB.VertexProgram,
      Graphics.Rendering.OpenGL.Raw.ARB.VertexShader,
      Graphics.Rendering.OpenGL.Raw.ARB.VertexType2101010Rev,
      Graphics.Rendering.OpenGL.Raw.ARB.ViewportArray,
      Graphics.Rendering.OpenGL.Raw.ARB.WindowPos,
      Graphics.Rendering.OpenGL.Raw.ATI,
      Graphics.Rendering.OpenGL.Raw.ATI.DrawBuffers,
      Graphics.Rendering.OpenGL.Raw.ATI.ElementArray,
      Graphics.Rendering.OpenGL.Raw.ATI.EnvmapBumpmap,
      Graphics.Rendering.OpenGL.Raw.ATI.FragmentShader,
      Graphics.Rendering.OpenGL.Raw.ATI.MapObjectBuffer,
      Graphics.Rendering.OpenGL.Raw.ATI.Meminfo,
      Graphics.Rendering.OpenGL.Raw.ATI.PixelFormatFloat,
      Graphics.Rendering.OpenGL.Raw.ATI.PnTriangles,
      Graphics.Rendering.OpenGL.Raw.ATI.SeparateStencil,
      Graphics.Rendering.OpenGL.Raw.ATI.TextFragmentShader,
      Graphics.Rendering.OpenGL.Raw.ATI.TextureEnvCombine3,
      Graphics.Rendering.OpenGL.Raw.ATI.TextureFloat,
      Graphics.Rendering.OpenGL.Raw.ATI.TextureMirrorOnce,
      Graphics.Rendering.OpenGL.Raw.ATI.VertexArrayObject,
      Graphics.Rendering.OpenGL.Raw.ATI.VertexAttribArrayObject,
      Graphics.Rendering.OpenGL.Raw.ATI.VertexStreams,
      Graphics.Rendering.OpenGL.Raw.Core.Core10,
      Graphics.Rendering.OpenGL.Raw.Core.Core11,
      Graphics.Rendering.OpenGL.Raw.Core.Core12,
      Graphics.Rendering.OpenGL.Raw.Core.Core13,
      Graphics.Rendering.OpenGL.Raw.Core.Core14,
      Graphics.Rendering.OpenGL.Raw.Core.Core15,
      Graphics.Rendering.OpenGL.Raw.Core.Core20,
      Graphics.Rendering.OpenGL.Raw.Core.Core21,
      Graphics.Rendering.OpenGL.Raw.Core.Core30,
      Graphics.Rendering.OpenGL.Raw.Core.Core31,
      Graphics.Rendering.OpenGL.Raw.Core.Core31Compatibility,
      Graphics.Rendering.OpenGL.Raw.Core.Core32,
      Graphics.Rendering.OpenGL.Raw.Core.Core32Compatibility,
      Graphics.Rendering.OpenGL.Raw.Core.Core33,
      Graphics.Rendering.OpenGL.Raw.Core.Core33Compatibility,
      Graphics.Rendering.OpenGL.Raw.Core.Core40,
      Graphics.Rendering.OpenGL.Raw.Core.Core40Compatibility,
      Graphics.Rendering.OpenGL.Raw.Core.Core41,
      Graphics.Rendering.OpenGL.Raw.Core.Core41Compatibility,
      Graphics.Rendering.OpenGL.Raw.Core.Core42,
      Graphics.Rendering.OpenGL.Raw.Core.Core42Compatibility,
      Graphics.Rendering.OpenGL.Raw.Core.Internal.Core10,
      Graphics.Rendering.OpenGL.Raw.Core.Internal.Core10Compatibility,
      Graphics.Rendering.OpenGL.Raw.Core.Internal.Core11,
      Graphics.Rendering.OpenGL.Raw.Core.Internal.Core11Compatibility,
      Graphics.Rendering.OpenGL.Raw.Core.Internal.Core12,
      Graphics.Rendering.OpenGL.Raw.Core.Internal.Core12Compatibility,
      Graphics.Rendering.OpenGL.Raw.Core.Internal.Core13,
      Graphics.Rendering.OpenGL.Raw.Core.Internal.Core13Compatibility,
      Graphics.Rendering.OpenGL.Raw.Core.Internal.Core14,
      Graphics.Rendering.OpenGL.Raw.Core.Internal.Core14Compatibility,
      Graphics.Rendering.OpenGL.Raw.Core.Internal.Core15,
      Graphics.Rendering.OpenGL.Raw.Core.Internal.Core15Compatibility,
      Graphics.Rendering.OpenGL.Raw.Core.Internal.Core20,
      Graphics.Rendering.OpenGL.Raw.Core.Internal.Core20Compatibility,
      Graphics.Rendering.OpenGL.Raw.Core.Internal.Core21,
      Graphics.Rendering.OpenGL.Raw.Core.Internal.Core21Compatibility,
      Graphics.Rendering.OpenGL.Raw.Core.Internal.Core30,
      Graphics.Rendering.OpenGL.Raw.Core.Internal.Core30Compatibility,
      Graphics.Rendering.OpenGL.Raw.Core.Internal.Core31,
      Graphics.Rendering.OpenGL.Raw.Core.Internal.Core32,
      Graphics.Rendering.OpenGL.Raw.Core.Internal.Core33,
      Graphics.Rendering.OpenGL.Raw.Core.Internal.Core40,
      Graphics.Rendering.OpenGL.Raw.Core.Internal.Core41,
      Graphics.Rendering.OpenGL.Raw.Core.Internal.Core42,
      Graphics.Rendering.OpenGL.Raw.Core31,
      Graphics.Rendering.OpenGL.Raw.Core32,
      Graphics.Rendering.OpenGL.Raw.EXT,
      Graphics.Rendering.OpenGL.Raw.EXT.Abgr,
      Graphics.Rendering.OpenGL.Raw.EXT.Bgra,
      Graphics.Rendering.OpenGL.Raw.EXT.BindableUniform,
      Graphics.Rendering.OpenGL.Raw.EXT.BlendColor,
      Graphics.Rendering.OpenGL.Raw.EXT.BlendEquationSeparate,
      Graphics.Rendering.OpenGL.Raw.EXT.BlendFuncSeparate,
      Graphics.Rendering.OpenGL.Raw.EXT.BlendMinmax,
      Graphics.Rendering.OpenGL.Raw.EXT.BlendSubtract,
      Graphics.Rendering.OpenGL.Raw.EXT.ClipVolumeHint,
      Graphics.Rendering.OpenGL.Raw.EXT.Cmyka,
      Graphics.Rendering.OpenGL.Raw.EXT.ColorSubtable,
      Graphics.Rendering.OpenGL.Raw.EXT.CompiledVertexArray,
      Graphics.Rendering.OpenGL.Raw.EXT.Convolution,
      Graphics.Rendering.OpenGL.Raw.EXT.CoordinateFrame,
      Graphics.Rendering.OpenGL.Raw.EXT.CopyTexture,
      Graphics.Rendering.OpenGL.Raw.EXT.CullVertex,
      Graphics.Rendering.OpenGL.Raw.EXT.DepthBoundsTest,
      Graphics.Rendering.OpenGL.Raw.EXT.DirectStateAccess,
      Graphics.Rendering.OpenGL.Raw.EXT.DrawBuffers2,
      Graphics.Rendering.OpenGL.Raw.EXT.DrawInstanced,
      Graphics.Rendering.OpenGL.Raw.EXT.DrawRangeElements,
      Graphics.Rendering.OpenGL.Raw.EXT.FogCoord,
      Graphics.Rendering.OpenGL.Raw.EXT.FourTwoTwoPixels,
      Graphics.Rendering.OpenGL.Raw.EXT.FramebufferBlit,
      Graphics.Rendering.OpenGL.Raw.EXT.FramebufferMultisample,
      Graphics.Rendering.OpenGL.Raw.EXT.FramebufferMultisampleBlitScaled,
      Graphics.Rendering.OpenGL.Raw.EXT.FramebufferObject,
      Graphics.Rendering.OpenGL.Raw.EXT.FramebufferSRGB,
      Graphics.Rendering.OpenGL.Raw.EXT.GeometryShader4,
      Graphics.Rendering.OpenGL.Raw.EXT.GpuProgramParameters,
      Graphics.Rendering.OpenGL.Raw.EXT.GpuShader4,
      Graphics.Rendering.OpenGL.Raw.EXT.Histogram,
      Graphics.Rendering.OpenGL.Raw.EXT.IndexArrayFormats,
      Graphics.Rendering.OpenGL.Raw.EXT.IndexFunc,
      Graphics.Rendering.OpenGL.Raw.EXT.IndexMaterial,
      Graphics.Rendering.OpenGL.Raw.EXT.LightTexture,
      Graphics.Rendering.OpenGL.Raw.EXT.MultiDrawArrays,
      Graphics.Rendering.OpenGL.Raw.EXT.Multisample,
      Graphics.Rendering.OpenGL.Raw.EXT.PackedDepthStencil,
      Graphics.Rendering.OpenGL.Raw.EXT.PackedFloat,
      Graphics.Rendering.OpenGL.Raw.EXT.PackedPixels,
      Graphics.Rendering.OpenGL.Raw.EXT.PalettedTexture,
      Graphics.Rendering.OpenGL.Raw.EXT.PixelBufferObject,
      Graphics.Rendering.OpenGL.Raw.EXT.PixelTransform,
      Graphics.Rendering.OpenGL.Raw.EXT.PointParameters,
      Graphics.Rendering.OpenGL.Raw.EXT.PolygonOffset,
      Graphics.Rendering.OpenGL.Raw.EXT.ProvokingVertex,
      Graphics.Rendering.OpenGL.Raw.EXT.RescaleNormal,
      Graphics.Rendering.OpenGL.Raw.EXT.SecondaryColor,
      Graphics.Rendering.OpenGL.Raw.EXT.SeparateShaderObjects,
      Graphics.Rendering.OpenGL.Raw.EXT.SeparateSpecularColor,
      Graphics.Rendering.OpenGL.Raw.EXT.ShaderImageLoadStore,
      Graphics.Rendering.OpenGL.Raw.EXT.SharedTexturePalette,
      Graphics.Rendering.OpenGL.Raw.EXT.StencilClearTag,
      Graphics.Rendering.OpenGL.Raw.EXT.StencilTwoSide,
      Graphics.Rendering.OpenGL.Raw.EXT.StencilWrap,
      Graphics.Rendering.OpenGL.Raw.EXT.Subtexture,
      Graphics.Rendering.OpenGL.Raw.EXT.Texture,
      Graphics.Rendering.OpenGL.Raw.EXT.Texture3D,
      Graphics.Rendering.OpenGL.Raw.EXT.TextureArray,
      Graphics.Rendering.OpenGL.Raw.EXT.TextureBufferObject,
      Graphics.Rendering.OpenGL.Raw.EXT.TextureCompressionLatc,
      Graphics.Rendering.OpenGL.Raw.EXT.TextureCompressionRgtc,
      Graphics.Rendering.OpenGL.Raw.EXT.TextureCompressionS3tc,
      Graphics.Rendering.OpenGL.Raw.EXT.TextureCubeMap,
      Graphics.Rendering.OpenGL.Raw.EXT.TextureEnvCombine,
      Graphics.Rendering.OpenGL.Raw.EXT.TextureEnvDot3,
      Graphics.Rendering.OpenGL.Raw.EXT.TextureFilterAnisotropic,
      Graphics.Rendering.OpenGL.Raw.EXT.TextureInteger,
      Graphics.Rendering.OpenGL.Raw.EXT.TextureLodBias,
      Graphics.Rendering.OpenGL.Raw.EXT.TextureMirrorClamp,
      Graphics.Rendering.OpenGL.Raw.EXT.TextureObject,
      Graphics.Rendering.OpenGL.Raw.EXT.TexturePerturbNormal,
      Graphics.Rendering.OpenGL.Raw.EXT.TextureSRGB,
      Graphics.Rendering.OpenGL.Raw.EXT.TextureSRGBDecode,
      Graphics.Rendering.OpenGL.Raw.EXT.TextureSharedExponent,
      Graphics.Rendering.OpenGL.Raw.EXT.TextureSnorm,
      Graphics.Rendering.OpenGL.Raw.EXT.TextureSwizzle,
      Graphics.Rendering.OpenGL.Raw.EXT.TimerQuery,
      Graphics.Rendering.OpenGL.Raw.EXT.TransformFeedback,
      Graphics.Rendering.OpenGL.Raw.EXT.VertexArray,
      Graphics.Rendering.OpenGL.Raw.EXT.VertexArrayBgra,
      Graphics.Rendering.OpenGL.Raw.EXT.VertexAttrib64bit,
      Graphics.Rendering.OpenGL.Raw.EXT.VertexShader,
      Graphics.Rendering.OpenGL.Raw.EXT.VertexWeighting,
      Graphics.Rendering.OpenGL.Raw.EXT.X11SyncObject,
      Graphics.Rendering.OpenGL.Raw.INTEL,
      Graphics.Rendering.OpenGL.Raw.INTEL.ParallelArrays,
      Graphics.Rendering.OpenGL.Raw.NV,
      Graphics.Rendering.OpenGL.Raw.NV.ConditionalRender,
      Graphics.Rendering.OpenGL.Raw.NV.CopyDepthToColor,
      Graphics.Rendering.OpenGL.Raw.NV.CopyImage,
      Graphics.Rendering.OpenGL.Raw.NV.DepthBufferFloat,
      Graphics.Rendering.OpenGL.Raw.NV.DepthClamp,
      Graphics.Rendering.OpenGL.Raw.NV.Evaluators,
      Graphics.Rendering.OpenGL.Raw.NV.ExplicitMultisample,
      Graphics.Rendering.OpenGL.Raw.NV.Fence,
      Graphics.Rendering.OpenGL.Raw.NV.FloatBuffer,
      Graphics.Rendering.OpenGL.Raw.NV.FogDistance,
      Graphics.Rendering.OpenGL.Raw.NV.FragmentProgram,
      Graphics.Rendering.OpenGL.Raw.NV.FragmentProgram2,
      Graphics.Rendering.OpenGL.Raw.NV.FramebufferMultisampleCoverage,
      Graphics.Rendering.OpenGL.Raw.NV.GeometryProgram4,
      Graphics.Rendering.OpenGL.Raw.NV.GpuProgram4,
      Graphics.Rendering.OpenGL.Raw.NV.GpuProgram5,
      Graphics.Rendering.OpenGL.Raw.NV.GpuShader5,
      Graphics.Rendering.OpenGL.Raw.NV.HalfFloat,
      Graphics.Rendering.OpenGL.Raw.NV.LightMaxExponent,
      Graphics.Rendering.OpenGL.Raw.NV.MultisampleCoverage,
      Graphics.Rendering.OpenGL.Raw.NV.MultisampleFilterHint,
      Graphics.Rendering.OpenGL.Raw.NV.OcclusionQuery,
      Graphics.Rendering.OpenGL.Raw.NV.PackedDepthStencil,
      Graphics.Rendering.OpenGL.Raw.NV.ParameterBufferObject,
      Graphics.Rendering.OpenGL.Raw.NV.PixelDataRange,
      Graphics.Rendering.OpenGL.Raw.NV.PointSprite,
      Graphics.Rendering.OpenGL.Raw.NV.PresentVideo,
      Graphics.Rendering.OpenGL.Raw.NV.PrimitiveRestart,
      Graphics.Rendering.OpenGL.Raw.NV.RegisterCombiners,
      Graphics.Rendering.OpenGL.Raw.NV.RegisterCombiners2,
      Graphics.Rendering.OpenGL.Raw.NV.ShaderBufferLoad,
      Graphics.Rendering.OpenGL.Raw.NV.ShaderBufferStore,
      Graphics.Rendering.OpenGL.Raw.NV.TessellationProgram5,
      Graphics.Rendering.OpenGL.Raw.NV.TexgenEmboss,
      Graphics.Rendering.OpenGL.Raw.NV.TexgenReflection,
      Graphics.Rendering.OpenGL.Raw.NV.TextureBarrier,
      Graphics.Rendering.OpenGL.Raw.NV.TextureEnvCombine4,
      Graphics.Rendering.OpenGL.Raw.NV.TextureExpandNormal,
      Graphics.Rendering.OpenGL.Raw.NV.TextureMultisample,
      Graphics.Rendering.OpenGL.Raw.NV.TextureRectangle,
      Graphics.Rendering.OpenGL.Raw.NV.TextureShader,
      Graphics.Rendering.OpenGL.Raw.NV.TextureShader2,
      Graphics.Rendering.OpenGL.Raw.NV.TextureShader3,
      Graphics.Rendering.OpenGL.Raw.NV.TransformFeedback,
      Graphics.Rendering.OpenGL.Raw.NV.TransformFeedback2,
      Graphics.Rendering.OpenGL.Raw.NV.VdpauInterop,
      Graphics.Rendering.OpenGL.Raw.NV.VertexArrayRange,
      Graphics.Rendering.OpenGL.Raw.NV.VertexArrayRange2,
      Graphics.Rendering.OpenGL.Raw.NV.VertexAttribInteger64bit,
      Graphics.Rendering.OpenGL.Raw.NV.VertexBufferUnifiedMemory,
      Graphics.Rendering.OpenGL.Raw.NV.VertexProgram,
      Graphics.Rendering.OpenGL.Raw.NV.VertexProgram2Option,
      Graphics.Rendering.OpenGL.Raw.NV.VertexProgram3,
      Graphics.Rendering.OpenGL.Raw.NV.VertexProgram4,
      Graphics.Rendering.OpenGL.Raw.NV.VideoCapture,
